{
  "annotations": {
    "title": "Get notification details",
    "readOnlyHint": true
  },
  "description": "Get detailed information for a specific GitHub notification, always call this tool when the user asks for details about a specific notification, if you don't know the ID list notifications first.",
  "inputSchema": {
    "properties": {
      "notificationID": {
        "description": "The ID of the notification",
        "type": "string"
      }
    },
    "required": [
      "notificationID"
    ],
    "type": "object"
  },
  "name": "get_notification_details"
}